# Distributed Telemetry Data Mapper (DTDM)
# Language: MAPPER

# Configuration
cluster_id: "x10-cluster-01"
schema_version: "v2.1"
target_schema: "unified_telemetry_v2"

# Source Definitions
source_telemetry {
    type: stream
    protocol: tcp/udp
    rate_limit: 50k_events_per_sec
    schema: raw_telemetry
}

# Target Definitions
target_correlation {
    type: stream
    protocol: grpc
    target: correlation_engine:50051
    schema: unified_telemetry_v2
}

# Mapping Logic
map raw_telemetry to unified_telemetry_v2 {
    # Normalization Rules
    normalize field "timestamp" to "ts_utc" using iso8601_converter;
    normalize field "source_ip" to "origin" using ip_sanitizer;
    normalize field "event_type" to "sig_category" using enum_mapper { 
        map "0x1" to "network_scan";
        map "0x2" to "brute_force";
        map "0x3" to "data_exfil";
        map "0x4" to "malware_comm";
        default: "unknown_signal";
    };
    
    # Enrichment
    enrich field "geo_loc" with lookup { source: "maxmind_db", key: "origin" };
    enrich field "threat_intel" with api_call { endpoint: "threat_feed/v2", params: { "ip": "origin", "type": "sig_category" } };
    
    # Filtering
    if (signal_strength < 0.3) skip;
    if (source_ip in blacklist) flag: "blocked";
}

# Parallel Execution Strategy
parallel_workers: 8
data_shard_by: "origin"; # Hash-based sharding for correlation affinity
buffer_size: 1024;
flush_interval: 100ms;

# Integration Hooks
on_error {
    route to: "anomaly_detector/python_handler";
    payload: { type: "mapper_error", msg: "normalization_fail", details: current_record };
}

on_complete {
    log: "mapped_events_count";
    report_to: "monitoring_dashboard";
}
