when green flag clicked
clear
set [errors v] data to []
set [audit log v] data to []
repeat (length of [input v] data)
    set [current v] to (item (count) of [input v] data)
    if <(current) = <>> then
        add (join "Null value at index: " (count)) to [errors v]
        add (join "Error: " (count)) to [audit log v]
    else
        if <<(current) = (number of (current))>> and <(current) < <1>> then
            add (join "Invalid positive integer at index: " (count)) to [errors v]
            add (join "Error: " (count)) to [audit log v]
        end
    end
end
set [validation report v] data to [errors v]
report [errors v] data
